2026-08-18 12:57:48,186 - INFO - ===== Starting Search Script. =====
2026-08-18 12:57:48,434 - INFO - GPU is available
2026-08-18 12:57:48,436 - INFO - Script called
2026-08-18 12:57:48,436 - INFO - Searching for conversations from country: None
2026-08-18 12:57:48,436 - INFO - Turn limit set to: 8000
2026-08-18 12:57:48,436 - INFO - Searching dataset for matching conversations
2026-08-18 12:57:48,898 - INFO - HTTP Request: HEAD https://huggingface.co/datasets/allenai/wildchat-4.8m-full/resolve/main/README.md "HTTP/1.1 307 Temporary Redirect"
2026-08-18 12:57:49,076 - INFO - HTTP Request: HEAD https://huggingface.co/datasets/allenai/WildChat-4.8M-Full/resolve/main/README.md "HTTP/1.1 200 OK"
2026-08-18 12:57:49,177 - INFO - HTTP Request: HEAD https://huggingface.co/datasets/allenai/wildchat-4.8m-full/resolve/9643ce21f5e808c8b9cf682d8385f28850397c09/wildchat-4.8m-full.py "HTTP/1.1 307 Temporary Redirect"
2026-08-18 12:57:49,280 - INFO - HTTP Request: HEAD https://huggingface.co/datasets/allenai/WildChat-4.8M-Full/resolve/9643ce21f5e808c8b9cf682d8385f28850397c09/wildchat-4.8m-full.py "HTTP/1.1 404 Not Found"
2026-08-18 12:57:49,560 - INFO - HTTP Request: HEAD https://s3.amazonaws.com/datasets.huggingface.co/datasets/datasets/allenai/wildchat-4.8m-full/allenai/wildchat-4.8m-full.py "HTTP/1.1 404 Not Found"
2026-08-18 12:57:49,694 - INFO - HTTP Request: GET https://huggingface.co/api/datasets/allenai/wildchat-4.8m-full/revision/9643ce21f5e808c8b9cf682d8385f28850397c09 "HTTP/1.1 307 Temporary Redirect"
2026-08-18 12:57:49,798 - INFO - HTTP Request: GET https://huggingface.co/api/datasets/allenai/WildChat-4.8M-Full/revision/9643ce21f5e808c8b9cf682d8385f28850397c09 "HTTP/1.1 200 OK"
2026-08-18 12:57:49,901 - INFO - HTTP Request: HEAD https://huggingface.co/datasets/allenai/wildchat-4.8m-full/resolve/9643ce21f5e808c8b9cf682d8385f28850397c09/.huggingface.yaml "HTTP/1.1 307 Temporary Redirect"
2026-08-18 12:57:50,005 - INFO - HTTP Request: HEAD https://huggingface.co/datasets/allenai/WildChat-4.8M-Full/resolve/9643ce21f5e808c8b9cf682d8385f28850397c09/.huggingface.yaml "HTTP/1.1 404 Not Found"
2026-08-18 12:57:50,154 - INFO - HTTP Request: GET https://datasets-server.huggingface.co/info?dataset=allenai/wildchat-4.8m-full "HTTP/1.1 404 Not Found"
2026-08-18 12:57:50,257 - INFO - HTTP Request: GET https://huggingface.co/api/datasets/allenai/wildchat-4.8m-full/tree/9643ce21f5e808c8b9cf682d8385f28850397c09/data?recursive=true&expand=false "HTTP/1.1 307 Temporary Redirect"
2026-08-18 12:57:50,383 - INFO - HTTP Request: GET https://huggingface.co/api/datasets/allenai/WildChat-4.8M-Full/tree/9643ce21f5e808c8b9cf682d8385f28850397c09/data?recursive=true&expand=false "HTTP/1.1 200 OK"
2026-08-18 12:57:50,497 - INFO - HTTP Request: GET https://huggingface.co/api/datasets/allenai/wildchat-4.8m-full/tree/9643ce21f5e808c8b9cf682d8385f28850397c09?recursive=false&expand=false "HTTP/1.1 307 Temporary Redirect"
2026-08-18 12:57:50,601 - INFO - HTTP Request: GET https://huggingface.co/api/datasets/allenai/WildChat-4.8M-Full/tree/9643ce21f5e808c8b9cf682d8385f28850397c09?recursive=false&expand=false "HTTP/1.1 200 OK"
2026-08-18 12:57:50,751 - INFO - HTTP Request: HEAD https://huggingface.co/datasets/allenai/wildchat-4.8m-full/resolve/9643ce21f5e808c8b9cf682d8385f28850397c09/dataset_infos.json "HTTP/1.1 307 Temporary Redirect"
2026-08-18 12:57:50,857 - INFO - HTTP Request: HEAD https://huggingface.co/datasets/allenai/WildChat-4.8M-Full/resolve/9643ce21f5e808c8b9cf682d8385f28850397c09/dataset_infos.json "HTTP/1.1 404 Not Found"
2026-08-18 12:57:51,047 - INFO - HTTP Request: GET https://huggingface.co/datasets/allenai/wildchat-4.8m-full/resolve/9643ce21f5e808c8b9cf682d8385f28850397c09/data/train-00000-of-00127.parquet "HTTP/1.1 307 Temporary Redirect"
2026-08-18 12:57:51,188 - INFO - HTTP Request: GET https://huggingface.co/datasets/allenai/WildChat-4.8M-Full/resolve/9643ce21f5e808c8b9cf682d8385f28850397c09/data/train-00000-of-00127.parquet "HTTP/1.1 302 Found"
2026-08-18 12:57:51,593 - INFO - HTTP Request: GET https://us.aws.cdn.hf.co/xet-bridge-us/68961ecaa4be70036bf1e772/0051594dd62ed50783e4fec9e7d6d222a97dd631b809f53cea5f448bf282fad8?X-Xet-Cas-Uid=6356aeb63c32f2c90f4d0643&response-content-disposition=inline%3B+filename*%3DUTF-8%27%27train-00000-of-00127.parquet%3B+filename%3D%22train-00000-of-00127.parquet%22%3B&user_id=6356aeb63c32f2c90f4d0643&Expires=1787057871&Policy=eyJTdGF0ZW1lbnQiOlt7IlJlc291cmNlIjoiaHR0cHM6Ly91cy5hd3MuY2RuLmhmLmNvL3hldC1icmlkZ2UtdXMvNjg5NjFlY2FhNGJlNzAwMzZiZjFlNzcyLzAwNTE1OTRkZDYyZWQ1MDc4M2U0ZmVjOWU3ZDZkMjIyYTk3ZGQ2MzFiODA5ZjUzY2VhNWY0NDhiZjI4MmZhZDhcXD9YLVhldC1DYXMtVWlkPTYzNTZhZWI2M2MzMmYyYzkwZjRkMDY0MyZyZXNwb25zZS1jb250ZW50LWRpc3Bvc2l0aW9uPWlubGluZSUzQitmaWxlbmFtZSUyQSUzRFVURi04JTI3JTI3dHJhaW4tMDAwMDAtb2YtMDAxMjcucGFycXVldCUzQitmaWxlbmFtZSUzRCUyMnRyYWluLTAwMDAwLW9mLTAwMTI3LnBhcnF1ZXQlMjIlM0ImdXNlcl9pZD02MzU2YWViNjNjMzJmMmM5MGY0ZDA2NDMiLCJDb25kaXRpb24iOnsiRGF0ZUxlc3NUaGFuIjp7IkVwb2NoVGltZSI6MTc4NzA1Nzg3MX19fV19&Signature=MEQCIHvlQeRJVNEjTDJ6Dgd6SEtcKwhK-Mu2e0NiuWcsoxTAAiAIiuch1gV6ZryQquD2CdmUUHyJaYiTu%7EOSewSafijlWg__&Key-Pair-Id=01KXEF4KZ1B6FV465MAWR4M21F "HTTP/1.1 206 Partial Content"
2026-08-18 12:57:51,794 - INFO - HTTP Request: GET https://huggingface.co/datasets/allenai/wildchat-4.8m-full/resolve/9643ce21f5e808c8b9cf682d8385f28850397c09/data/train-00000-of-00127.parquet "HTTP/1.1 307 Temporary Redirect"
2026-08-18 12:57:51,901 - INFO - HTTP Request: GET https://huggingface.co/datasets/allenai/WildChat-4.8M-Full/resolve/9643ce21f5e808c8b9cf682d8385f28850397c09/data/train-00000-of-00127.parquet "HTTP/1.1 302 Found"
2026-08-18 12:57:52,208 - INFO - HTTP Request: GET https://us.aws.cdn.hf.co/xet-bridge-us/68961ecaa4be70036bf1e772/0051594dd62ed50783e4fec9e7d6d222a97dd631b809f53cea5f448bf282fad8?X-Xet-Cas-Uid=6356aeb63c32f2c90f4d0643&user_id=6356aeb63c32f2c90f4d0643&response-content-disposition=inline%3B+filename*%3DUTF-8%27%27train-00000-of-00127.parquet%3B+filename%3D%22train-00000-of-00127.parquet%22%3B&Expires=1787057871&Policy=eyJTdGF0ZW1lbnQiOlt7IlJlc291cmNlIjoiaHR0cHM6Ly91cy5hd3MuY2RuLmhmLmNvL3hldC1icmlkZ2UtdXMvNjg5NjFlY2FhNGJlNzAwMzZiZjFlNzcyLzAwNTE1OTRkZDYyZWQ1MDc4M2U0ZmVjOWU3ZDZkMjIyYTk3ZGQ2MzFiODA5ZjUzY2VhNWY0NDhiZjI4MmZhZDhcXD9YLVhldC1DYXMtVWlkPTYzNTZhZWI2M2MzMmYyYzkwZjRkMDY0MyZ1c2VyX2lkPTYzNTZhZWI2M2MzMmYyYzkwZjRkMDY0MyZyZXNwb25zZS1jb250ZW50LWRpc3Bvc2l0aW9uPWlubGluZSUzQitmaWxlbmFtZSUyQSUzRFVURi04JTI3JTI3dHJhaW4tMDAwMDAtb2YtMDAxMjcucGFycXVldCUzQitmaWxlbmFtZSUzRCUyMnRyYWluLTAwMDAwLW9mLTAwMTI3LnBhcnF1ZXQlMjIlM0IiLCJDb25kaXRpb24iOnsiRGF0ZUxlc3NUaGFuIjp7IkVwb2NoVGltZSI6MTc4NzA1Nzg3MX19fV19&Signature=MEYCIQC87juYmN6Xx8GwkpCbh2c8m5H5XLhYr1zz4%7Eiq%7Egs0fAIhAJ7tRy8rsn9K8BmNrQ2dodHrRdYi%7Eh1haJSbfGIM0GIJ&Key-Pair-Id=01KXEF4KZ1B6FV465MAWR4M21F "HTTP/1.1 206 Partial Content"
2026-08-18 12:57:52,360 - INFO - HTTP Request: GET https://huggingface.co/datasets/allenai/wildchat-4.8m-full/resolve/9643ce21f5e808c8b9cf682d8385f28850397c09/data/train-00000-of-00127.parquet "HTTP/1.1 307 Temporary Redirect"
2026-08-18 12:57:52,462 - INFO - HTTP Request: GET https://huggingface.co/datasets/allenai/WildChat-4.8M-Full/resolve/9643ce21f5e808c8b9cf682d8385f28850397c09/data/train-00000-of-00127.parquet "HTTP/1.1 302 Found"
2026-08-18 12:57:52,792 - INFO - HTTP Request: GET https://us.aws.cdn.hf.co/xet-bridge-us/68961ecaa4be70036bf1e772/0051594dd62ed50783e4fec9e7d6d222a97dd631b809f53cea5f448bf282fad8?user_id=6356aeb63c32f2c90f4d0643&X-Xet-Cas-Uid=6356aeb63c32f2c90f4d0643&response-content-disposition=inline%3B+filename*%3DUTF-8%27%27train-00000-of-00127.parquet%3B+filename%3D%22train-00000-of-00127.parquet%22%3B&Expires=1787057872&Policy=eyJTdGF0ZW1lbnQiOlt7IlJlc291cmNlIjoiaHR0cHM6Ly91cy5hd3MuY2RuLmhmLmNvL3hldC1icmlkZ2UtdXMvNjg5NjFlY2FhNGJlNzAwMzZiZjFlNzcyLzAwNTE1OTRkZDYyZWQ1MDc4M2U0ZmVjOWU3ZDZkMjIyYTk3ZGQ2MzFiODA5ZjUzY2VhNWY0NDhiZjI4MmZhZDhcXD91c2VyX2lkPTYzNTZhZWI2M2MzMmYyYzkwZjRkMDY0MyZYLVhldC1DYXMtVWlkPTYzNTZhZWI2M2MzMmYyYzkwZjRkMDY0MyZyZXNwb25zZS1jb250ZW50LWRpc3Bvc2l0aW9uPWlubGluZSUzQitmaWxlbmFtZSUyQSUzRFVURi04JTI3JTI3dHJhaW4tMDAwMDAtb2YtMDAxMjcucGFycXVldCUzQitmaWxlbmFtZSUzRCUyMnRyYWluLTAwMDAwLW9mLTAwMTI3LnBhcnF1ZXQlMjIlM0IiLCJDb25kaXRpb24iOnsiRGF0ZUxlc3NUaGFuIjp7IkVwb2NoVGltZSI6MTc4NzA1Nzg3Mn19fV19&Signature=MEYCIQCSVejEgtHClYe1vCTpSb52hyeL67LDPm92xOZpD%7EdFHQIhAPFkWti0yY-rjw23T1chWq9h9r2LCwpfKzJjDdEEB4nA&Key-Pair-Id=01KXEF4KZ1B6FV465MAWR4M21F "HTTP/1.1 206 Partial Content"
2026-08-18 12:57:53,605 - INFO - HTTP Request: GET https://huggingface.co/datasets/allenai/wildchat-4.8m-full/resolve/9643ce21f5e808c8b9cf682d8385f28850397c09/data/train-00000-of-00127.parquet "HTTP/1.1 307 Temporary Redirect"
2026-08-18 12:57:53,712 - INFO - HTTP Request: GET https://huggingface.co/datasets/allenai/WildChat-4.8M-Full/resolve/9643ce21f5e808c8b9cf682d8385f28850397c09/data/train-00000-of-00127.parquet "HTTP/1.1 302 Found"
2026-08-18 12:57:54,048 - INFO - HTTP Request: GET https://us.aws.cdn.hf.co/xet-bridge-us/68961ecaa4be70036bf1e772/0051594dd62ed50783e4fec9e7d6d222a97dd631b809f53cea5f448bf282fad8?X-Xet-Cas-Uid=6356aeb63c32f2c90f4d0643&response-content-disposition=inline%3B+filename*%3DUTF-8%27%27train-00000-of-00127.parquet%3B+filename%3D%22train-00000-of-00127.parquet%22%3B&user_id=6356aeb63c32f2c90f4d0643&Expires=1787057873&Policy=eyJTdGF0ZW1lbnQiOlt7IlJlc291cmNlIjoiaHR0cHM6Ly91cy5hd3MuY2RuLmhmLmNvL3hldC1icmlkZ2UtdXMvNjg5NjFlY2FhNGJlNzAwMzZiZjFlNzcyLzAwNTE1OTRkZDYyZWQ1MDc4M2U0ZmVjOWU3ZDZkMjIyYTk3ZGQ2MzFiODA5ZjUzY2VhNWY0NDhiZjI4MmZhZDhcXD9YLVhldC1DYXMtVWlkPTYzNTZhZWI2M2MzMmYyYzkwZjRkMDY0MyZyZXNwb25zZS1jb250ZW50LWRpc3Bvc2l0aW9uPWlubGluZSUzQitmaWxlbmFtZSUyQSUzRFVURi04JTI3JTI3dHJhaW4tMDAwMDAtb2YtMDAxMjcucGFycXVldCUzQitmaWxlbmFtZSUzRCUyMnRyYWluLTAwMDAwLW9mLTAwMTI3LnBhcnF1ZXQlMjIlM0ImdXNlcl9pZD02MzU2YWViNjNjMzJmMmM5MGY0ZDA2NDMiLCJDb25kaXRpb24iOnsiRGF0ZUxlc3NUaGFuIjp7IkVwb2NoVGltZSI6MTc4NzA1Nzg3M319fV19&Signature=MEQCIFfBpYzLoGh%7Ee8awObrZrV-AT7hJtmawgouHmcaztPW9AiBNteHm%7Etg4kFsM1gsr%7EA5lzAd-tOqiJdH1Ln7L69Z9Hg__&Key-Pair-Id=01KXEF4KZ1B6FV465MAWR4M21F "HTTP/1.1 206 Partial Content"
2026-08-18 12:57:57,838 - INFO - HTTP Request: GET https://huggingface.co/datasets/allenai/wildchat-4.8m-full/resolve/9643ce21f5e808c8b9cf682d8385f28850397c09/data/train-00000-of-00127.parquet "HTTP/1.1 307 Temporary Redirect"
2026-08-18 12:57:57,949 - INFO - HTTP Request: GET https://huggingface.co/datasets/allenai/WildChat-4.8M-Full/resolve/9643ce21f5e808c8b9cf682d8385f28850397c09/data/train-00000-of-00127.parquet "HTTP/1.1 302 Found"
2026-08-18 12:57:58,269 - INFO - HTTP Request: GET https://us.aws.cdn.hf.co/xet-bridge-us/68961ecaa4be70036bf1e772/0051594dd62ed50783e4fec9e7d6d222a97dd631b809f53cea5f448bf282fad8?response-content-disposition=inline%3B+filename*%3DUTF-8%27%27train-00000-of-00127.parquet%3B+filename%3D%22train-00000-of-00127.parquet%22%3B&user_id=6356aeb63c32f2c90f4d0643&X-Xet-Cas-Uid=6356aeb63c32f2c90f4d0643&Expires=1787057877&Policy=eyJTdGF0ZW1lbnQiOlt7IlJlc291cmNlIjoiaHR0cHM6Ly91cy5hd3MuY2RuLmhmLmNvL3hldC1icmlkZ2UtdXMvNjg5NjFlY2FhNGJlNzAwMzZiZjFlNzcyLzAwNTE1OTRkZDYyZWQ1MDc4M2U0ZmVjOWU3ZDZkMjIyYTk3ZGQ2MzFiODA5ZjUzY2VhNWY0NDhiZjI4MmZhZDhcXD9yZXNwb25zZS1jb250ZW50LWRpc3Bvc2l0aW9uPWlubGluZSUzQitmaWxlbmFtZSUyQSUzRFVURi04JTI3JTI3dHJhaW4tMDAwMDAtb2YtMDAxMjcucGFycXVldCUzQitmaWxlbmFtZSUzRCUyMnRyYWluLTAwMDAwLW9mLTAwMTI3LnBhcnF1ZXQlMjIlM0ImdXNlcl9pZD02MzU2YWViNjNjMzJmMmM5MGY0ZDA2NDMmWC1YZXQtQ2FzLVVpZD02MzU2YWViNjNjMzJmMmM5MGY0ZDA2NDMiLCJDb25kaXRpb24iOnsiRGF0ZUxlc3NUaGFuIjp7IkVwb2NoVGltZSI6MTc4NzA1Nzg3N319fV19&Signature=MEUCIQC8UDRz7VlnEhrh3V6A1F57mNs-EngnrSmi9scCHaQoLAIgetd%7E9KZ%7E3pW%7EFgqK7tD5dV6boZPT0s3tkzvexmXpnF4_&Key-Pair-Id=01KXEF4KZ1B6FV465MAWR4M21F "HTTP/1.1 206 Partial Content"
2026-08-18 12:58:00,260 - INFO - HTTP Request: GET https://huggingface.co/datasets/allenai/wildchat-4.8m-full/resolve/9643ce21f5e808c8b9cf682d8385f28850397c09/data/train-00000-of-00127.parquet "HTTP/1.1 307 Temporary Redirect"
2026-08-18 12:58:00,381 - INFO - HTTP Request: GET https://huggingface.co/datasets/allenai/WildChat-4.8M-Full/resolve/9643ce21f5e808c8b9cf682d8385f28850397c09/data/train-00000-of-00127.parquet "HTTP/1.1 302 Found"
2026-08-18 12:58:00,702 - INFO - HTTP Request: GET https://us.aws.cdn.hf.co/xet-bridge-us/68961ecaa4be70036bf1e772/0051594dd62ed50783e4fec9e7d6d222a97dd631b809f53cea5f448bf282fad8?X-Xet-Cas-Uid=6356aeb63c32f2c90f4d0643&response-content-disposition=inline%3B+filename*%3DUTF-8%27%27train-00000-of-00127.parquet%3B+filename%3D%22train-00000-of-00127.parquet%22%3B&user_id=6356aeb63c32f2c90f4d0643&Expires=1787057880&Policy=eyJTdGF0ZW1lbnQiOlt7IlJlc291cmNlIjoiaHR0cHM6Ly91cy5hd3MuY2RuLmhmLmNvL3hldC1icmlkZ2UtdXMvNjg5NjFlY2FhNGJlNzAwMzZiZjFlNzcyLzAwNTE1OTRkZDYyZWQ1MDc4M2U0ZmVjOWU3ZDZkMjIyYTk3ZGQ2MzFiODA5ZjUzY2VhNWY0NDhiZjI4MmZhZDhcXD9YLVhldC1DYXMtVWlkPTYzNTZhZWI2M2MzMmYyYzkwZjRkMDY0MyZyZXNwb25zZS1jb250ZW50LWRpc3Bvc2l0aW9uPWlubGluZSUzQitmaWxlbmFtZSUyQSUzRFVURi04JTI3JTI3dHJhaW4tMDAwMDAtb2YtMDAxMjcucGFycXVldCUzQitmaWxlbmFtZSUzRCUyMnRyYWluLTAwMDAwLW9mLTAwMTI3LnBhcnF1ZXQlMjIlM0ImdXNlcl9pZD02MzU2YWViNjNjMzJmMmM5MGY0ZDA2NDMiLCJDb25kaXRpb24iOnsiRGF0ZUxlc3NUaGFuIjp7IkVwb2NoVGltZSI6MTc4NzA1Nzg4MH19fV19&Signature=MEUCIQDmPIpr0y6xWTHOlHuSJCKiNgj0TZFgtYS2AdnCfnzodgIgD3hnl2XwgwBND5v5-dISw54dDxbmbPKi2Bsnsz%7ETJtY_&Key-Pair-Id=01KXEF4KZ1B6FV465MAWR4M21F "HTTP/1.1 206 Partial Content"
2026-08-18 12:58:03,134 - INFO - HTTP Request: GET https://huggingface.co/datasets/allenai/wildchat-4.8m-full/resolve/9643ce21f5e808c8b9cf682d8385f28850397c09/data/train-00000-of-00127.parquet "HTTP/1.1 307 Temporary Redirect"
2026-08-18 12:58:03,243 - INFO - HTTP Request: GET https://huggingface.co/datasets/allenai/WildChat-4.8M-Full/resolve/9643ce21f5e808c8b9cf682d8385f28850397c09/data/train-00000-of-00127.parquet "HTTP/1.1 302 Found"
2026-08-18 12:58:03,504 - INFO - HTTP Request: GET https://us.aws.cdn.hf.co/xet-bridge-us/68961ecaa4be70036bf1e772/0051594dd62ed50783e4fec9e7d6d222a97dd631b809f53cea5f448bf282fad8?X-Xet-Cas-Uid=6356aeb63c32f2c90f4d0643&response-content-disposition=inline%3B+filename*%3DUTF-8%27%27train-00000-of-00127.parquet%3B+filename%3D%22train-00000-of-00127.parquet%22%3B&user_id=6356aeb63c32f2c90f4d0643&Expires=1787057883&Policy=eyJTdGF0ZW1lbnQiOlt7IlJlc291cmNlIjoiaHR0cHM6Ly91cy5hd3MuY2RuLmhmLmNvL3hldC1icmlkZ2UtdXMvNjg5NjFlY2FhNGJlNzAwMzZiZjFlNzcyLzAwNTE1OTRkZDYyZWQ1MDc4M2U0ZmVjOWU3ZDZkMjIyYTk3ZGQ2MzFiODA5ZjUzY2VhNWY0NDhiZjI4MmZhZDhcXD9YLVhldC1DYXMtVWlkPTYzNTZhZWI2M2MzMmYyYzkwZjRkMDY0MyZyZXNwb25zZS1jb250ZW50LWRpc3Bvc2l0aW9uPWlubGluZSUzQitmaWxlbmFtZSUyQSUzRFVURi04JTI3JTI3dHJhaW4tMDAwMDAtb2YtMDAxMjcucGFycXVldCUzQitmaWxlbmFtZSUzRCUyMnRyYWluLTAwMDAwLW9mLTAwMTI3LnBhcnF1ZXQlMjIlM0ImdXNlcl9pZD02MzU2YWViNjNjMzJmMmM5MGY0ZDA2NDMiLCJDb25kaXRpb24iOnsiRGF0ZUxlc3NUaGFuIjp7IkVwb2NoVGltZSI6MTc4NzA1Nzg4M319fV19&Signature=MEUCIA%7Ed6EDMhDggZWSz7hxcITn4tpDW8neXxQNWYb1yDFM%7EAiEAr4UCNAIavFlwMSrVS6UocWpyjLKQYEHBogolHduVx5Y_&Key-Pair-Id=01KXEF4KZ1B6FV465MAWR4M21F "HTTP/1.1 206 Partial Content"
2026-08-18 12:59:25,047 - INFO - advice matches: 2
2026-08-18 12:59:25,047 - INFO - roleplay matches: 0
2026-08-18 12:59:25,048 - INFO - breakup matches: 1
2026-08-18 12:59:25,048 - INFO - comeout matches: 1
2026-08-18 12:59:25,048 - INFO - Script run complete
2026-08-18 13:01:21,443 - INFO - ===== Starting Search Script. =====
2026-08-18 13:01:21,705 - INFO - GPU is available
2026-08-18 13:01:21,706 - INFO - Script called
2026-08-18 13:01:21,706 - INFO - Specified country: None
2026-08-18 13:01:21,706 - INFO - Turn limit set to: 8000
2026-08-18 13:01:21,706 - INFO - Searching dataset for matching conversations
2026-08-18 13:01:21,884 - INFO - HTTP Request: HEAD https://huggingface.co/datasets/allenai/wildchat-4.8m-full/resolve/main/README.md "HTTP/1.1 307 Temporary Redirect"
2026-08-18 13:01:21,987 - INFO - HTTP Request: HEAD https://huggingface.co/datasets/allenai/WildChat-4.8M-Full/resolve/main/README.md "HTTP/1.1 200 OK"
2026-08-18 13:01:22,093 - INFO - HTTP Request: HEAD https://huggingface.co/datasets/allenai/wildchat-4.8m-full/resolve/9643ce21f5e808c8b9cf682d8385f28850397c09/wildchat-4.8m-full.py "HTTP/1.1 307 Temporary Redirect"
2026-08-18 13:01:22,282 - INFO - HTTP Request: HEAD https://huggingface.co/datasets/allenai/WildChat-4.8M-Full/resolve/9643ce21f5e808c8b9cf682d8385f28850397c09/wildchat-4.8m-full.py "HTTP/1.1 404 Not Found"
2026-08-18 13:01:22,578 - INFO - HTTP Request: HEAD https://s3.amazonaws.com/datasets.huggingface.co/datasets/datasets/allenai/wildchat-4.8m-full/allenai/wildchat-4.8m-full.py "HTTP/1.1 404 Not Found"
2026-08-18 13:01:22,721 - INFO - HTTP Request: GET https://huggingface.co/api/datasets/allenai/wildchat-4.8m-full/revision/9643ce21f5e808c8b9cf682d8385f28850397c09 "HTTP/1.1 307 Temporary Redirect"
2026-08-18 13:01:22,842 - INFO - HTTP Request: GET https://huggingface.co/api/datasets/allenai/WildChat-4.8M-Full/revision/9643ce21f5e808c8b9cf682d8385f28850397c09 "HTTP/1.1 200 OK"
2026-08-18 13:01:22,943 - INFO - HTTP Request: HEAD https://huggingface.co/datasets/allenai/wildchat-4.8m-full/resolve/9643ce21f5e808c8b9cf682d8385f28850397c09/.huggingface.yaml "HTTP/1.1 307 Temporary Redirect"
2026-08-18 13:01:23,052 - INFO - HTTP Request: HEAD https://huggingface.co/datasets/allenai/WildChat-4.8M-Full/resolve/9643ce21f5e808c8b9cf682d8385f28850397c09/.huggingface.yaml "HTTP/1.1 404 Not Found"
2026-08-18 13:01:23,678 - INFO - HTTP Request: GET https://datasets-server.huggingface.co/info?dataset=allenai/wildchat-4.8m-full "HTTP/1.1 404 Not Found"
2026-08-18 13:01:23,864 - INFO - HTTP Request: GET https://huggingface.co/api/datasets/allenai/wildchat-4.8m-full/tree/9643ce21f5e808c8b9cf682d8385f28850397c09/data?recursive=true&expand=false "HTTP/1.1 307 Temporary Redirect"
2026-08-18 13:01:24,029 - INFO - HTTP Request: GET https://huggingface.co/api/datasets/allenai/WildChat-4.8M-Full/tree/9643ce21f5e808c8b9cf682d8385f28850397c09/data?recursive=true&expand=false "HTTP/1.1 200 OK"
2026-08-18 13:01:24,193 - INFO - HTTP Request: GET https://huggingface.co/api/datasets/allenai/wildchat-4.8m-full/tree/9643ce21f5e808c8b9cf682d8385f28850397c09?recursive=false&expand=false "HTTP/1.1 307 Temporary Redirect"
2026-08-18 13:01:24,350 - INFO - HTTP Request: GET https://huggingface.co/api/datasets/allenai/WildChat-4.8M-Full/tree/9643ce21f5e808c8b9cf682d8385f28850397c09?recursive=false&expand=false "HTTP/1.1 200 OK"
2026-08-18 13:02:16,383 - INFO - ===== Starting Search Script. =====
2026-08-18 13:02:16,634 - INFO - GPU is available
2026-08-18 13:02:16,636 - INFO - Script called
2026-08-18 13:02:16,636 - INFO - Specified country: None
2026-08-18 13:02:16,636 - INFO - Turn limit set to: 8000
2026-08-18 13:02:16,636 - INFO - Searching dataset for matching conversations
2026-08-18 13:02:16,805 - INFO - HTTP Request: HEAD https://huggingface.co/datasets/allenai/wildchat-4.8m-full/resolve/main/README.md "HTTP/1.1 307 Temporary Redirect"
2026-08-18 13:02:16,905 - INFO - HTTP Request: HEAD https://huggingface.co/datasets/allenai/WildChat-4.8M-Full/resolve/main/README.md "HTTP/1.1 200 OK"
2026-08-18 13:02:17,005 - INFO - HTTP Request: HEAD https://huggingface.co/datasets/allenai/wildchat-4.8m-full/resolve/9643ce21f5e808c8b9cf682d8385f28850397c09/wildchat-4.8m-full.py "HTTP/1.1 307 Temporary Redirect"
2026-08-18 13:02:17,105 - INFO - HTTP Request: HEAD https://huggingface.co/datasets/allenai/WildChat-4.8M-Full/resolve/9643ce21f5e808c8b9cf682d8385f28850397c09/wildchat-4.8m-full.py "HTTP/1.1 404 Not Found"
2026-08-18 13:02:17,412 - INFO - HTTP Request: HEAD https://s3.amazonaws.com/datasets.huggingface.co/datasets/datasets/allenai/wildchat-4.8m-full/allenai/wildchat-4.8m-full.py "HTTP/1.1 404 Not Found"
2026-08-18 13:02:17,545 - INFO - HTTP Request: GET https://huggingface.co/api/datasets/allenai/wildchat-4.8m-full/revision/9643ce21f5e808c8b9cf682d8385f28850397c09 "HTTP/1.1 307 Temporary Redirect"
2026-08-18 13:02:17,653 - INFO - HTTP Request: GET https://huggingface.co/api/datasets/allenai/WildChat-4.8M-Full/revision/9643ce21f5e808c8b9cf682d8385f28850397c09 "HTTP/1.1 200 OK"
2026-08-18 13:02:17,926 - INFO - HTTP Request: HEAD https://huggingface.co/datasets/allenai/wildchat-4.8m-full/resolve/9643ce21f5e808c8b9cf682d8385f28850397c09/.huggingface.yaml "HTTP/1.1 307 Temporary Redirect"
2026-08-18 13:02:18,026 - INFO - HTTP Request: HEAD https://huggingface.co/datasets/allenai/WildChat-4.8M-Full/resolve/9643ce21f5e808c8b9cf682d8385f28850397c09/.huggingface.yaml "HTTP/1.1 404 Not Found"
2026-08-18 13:02:18,172 - INFO - HTTP Request: GET https://datasets-server.huggingface.co/info?dataset=allenai/wildchat-4.8m-full "HTTP/1.1 404 Not Found"
2026-08-18 13:02:18,273 - INFO - HTTP Request: GET https://huggingface.co/api/datasets/allenai/wildchat-4.8m-full/tree/9643ce21f5e808c8b9cf682d8385f28850397c09/data?recursive=true&expand=false "HTTP/1.1 307 Temporary Redirect"
2026-08-18 13:02:18,389 - INFO - HTTP Request: GET https://huggingface.co/api/datasets/allenai/WildChat-4.8M-Full/tree/9643ce21f5e808c8b9cf682d8385f28850397c09/data?recursive=true&expand=false "HTTP/1.1 200 OK"
2026-08-18 13:02:18,496 - INFO - HTTP Request: GET https://huggingface.co/api/datasets/allenai/wildchat-4.8m-full/tree/9643ce21f5e808c8b9cf682d8385f28850397c09?recursive=false&expand=false "HTTP/1.1 307 Temporary Redirect"
2026-08-18 13:02:18,636 - INFO - HTTP Request: GET https://huggingface.co/api/datasets/allenai/WildChat-4.8M-Full/tree/9643ce21f5e808c8b9cf682d8385f28850397c09?recursive=false&expand=false "HTTP/1.1 200 OK"
2026-08-18 13:02:18,785 - INFO - HTTP Request: HEAD https://huggingface.co/datasets/allenai/wildchat-4.8m-full/resolve/9643ce21f5e808c8b9cf682d8385f28850397c09/dataset_infos.json "HTTP/1.1 307 Temporary Redirect"
2026-08-18 13:02:18,884 - INFO - HTTP Request: HEAD https://huggingface.co/datasets/allenai/WildChat-4.8M-Full/resolve/9643ce21f5e808c8b9cf682d8385f28850397c09/dataset_infos.json "HTTP/1.1 404 Not Found"
2026-08-18 13:02:19,387 - INFO - HTTP Request: GET https://huggingface.co/datasets/allenai/wildchat-4.8m-full/resolve/9643ce21f5e808c8b9cf682d8385f28850397c09/data/train-00000-of-00127.parquet "HTTP/1.1 307 Temporary Redirect"
2026-08-18 13:02:19,495 - INFO - HTTP Request: GET https://huggingface.co/datasets/allenai/WildChat-4.8M-Full/resolve/9643ce21f5e808c8b9cf682d8385f28850397c09/data/train-00000-of-00127.parquet "HTTP/1.1 302 Found"
2026-08-18 13:02:19,864 - INFO - HTTP Request: GET https://us.aws.cdn.hf.co/xet-bridge-us/68961ecaa4be70036bf1e772/0051594dd62ed50783e4fec9e7d6d222a97dd631b809f53cea5f448bf282fad8?response-content-disposition=inline%3B+filename*%3DUTF-8%27%27train-00000-of-00127.parquet%3B+filename%3D%22train-00000-of-00127.parquet%22%3B&X-Xet-Cas-Uid=6356aeb63c32f2c90f4d0643&user_id=6356aeb63c32f2c90f4d0643&Expires=1787058139&Policy=eyJTdGF0ZW1lbnQiOlt7IlJlc291cmNlIjoiaHR0cHM6Ly91cy5hd3MuY2RuLmhmLmNvL3hldC1icmlkZ2UtdXMvNjg5NjFlY2FhNGJlNzAwMzZiZjFlNzcyLzAwNTE1OTRkZDYyZWQ1MDc4M2U0ZmVjOWU3ZDZkMjIyYTk3ZGQ2MzFiODA5ZjUzY2VhNWY0NDhiZjI4MmZhZDhcXD9yZXNwb25zZS1jb250ZW50LWRpc3Bvc2l0aW9uPWlubGluZSUzQitmaWxlbmFtZSUyQSUzRFVURi04JTI3JTI3dHJhaW4tMDAwMDAtb2YtMDAxMjcucGFycXVldCUzQitmaWxlbmFtZSUzRCUyMnRyYWluLTAwMDAwLW9mLTAwMTI3LnBhcnF1ZXQlMjIlM0ImWC1YZXQtQ2FzLVVpZD02MzU2YWViNjNjMzJmMmM5MGY0ZDA2NDMmdXNlcl9pZD02MzU2YWViNjNjMzJmMmM5MGY0ZDA2NDMiLCJDb25kaXRpb24iOnsiRGF0ZUxlc3NUaGFuIjp7IkVwb2NoVGltZSI6MTc4NzA1ODEzOX19fV19&Signature=MEUCIQDiozxA8tJDkG-JGj1fkIO%7EhcHFbLWT62zAekA4n%7EVFDwIgDgx35egRPgeX7dIpIXLKpkxkeOc%7EBAPqoKMrGM9d3s0_&Key-Pair-Id=01KXEF4KZ1B6FV465MAWR4M21F "HTTP/1.1 206 Partial Content"
2026-08-18 13:02:20,015 - INFO - HTTP Request: GET https://huggingface.co/datasets/allenai/wildchat-4.8m-full/resolve/9643ce21f5e808c8b9cf682d8385f28850397c09/data/train-00000-of-00127.parquet "HTTP/1.1 307 Temporary Redirect"
2026-08-18 13:02:20,120 - INFO - HTTP Request: GET https://huggingface.co/datasets/allenai/WildChat-4.8M-Full/resolve/9643ce21f5e808c8b9cf682d8385f28850397c09/data/train-00000-of-00127.parquet "HTTP/1.1 302 Found"
2026-08-18 13:02:20,395 - INFO - HTTP Request: GET https://us.aws.cdn.hf.co/xet-bridge-us/68961ecaa4be70036bf1e772/0051594dd62ed50783e4fec9e7d6d222a97dd631b809f53cea5f448bf282fad8?response-content-disposition=inline%3B+filename*%3DUTF-8%27%27train-00000-of-00127.parquet%3B+filename%3D%22train-00000-of-00127.parquet%22%3B&X-Xet-Cas-Uid=6356aeb63c32f2c90f4d0643&user_id=6356aeb63c32f2c90f4d0643&Expires=1787058140&Policy=eyJTdGF0ZW1lbnQiOlt7IlJlc291cmNlIjoiaHR0cHM6Ly91cy5hd3MuY2RuLmhmLmNvL3hldC1icmlkZ2UtdXMvNjg5NjFlY2FhNGJlNzAwMzZiZjFlNzcyLzAwNTE1OTRkZDYyZWQ1MDc4M2U0ZmVjOWU3ZDZkMjIyYTk3ZGQ2MzFiODA5ZjUzY2VhNWY0NDhiZjI4MmZhZDhcXD9yZXNwb25zZS1jb250ZW50LWRpc3Bvc2l0aW9uPWlubGluZSUzQitmaWxlbmFtZSUyQSUzRFVURi04JTI3JTI3dHJhaW4tMDAwMDAtb2YtMDAxMjcucGFycXVldCUzQitmaWxlbmFtZSUzRCUyMnRyYWluLTAwMDAwLW9mLTAwMTI3LnBhcnF1ZXQlMjIlM0ImWC1YZXQtQ2FzLVVpZD02MzU2YWViNjNjMzJmMmM5MGY0ZDA2NDMmdXNlcl9pZD02MzU2YWViNjNjMzJmMmM5MGY0ZDA2NDMiLCJDb25kaXRpb24iOnsiRGF0ZUxlc3NUaGFuIjp7IkVwb2NoVGltZSI6MTc4NzA1ODE0MH19fV19&Signature=MEYCIQCQJmj69laWMxiBvvtyXFpn1dlE1qp8PO3-ipMheyUn5QIhAI4l5z5nvUgc0FisYOGrSYpaRS2bt68lxOMxQijP%7ExMH&Key-Pair-Id=01KXEF4KZ1B6FV465MAWR4M21F "HTTP/1.1 206 Partial Content"
2026-08-18 13:02:20,725 - INFO - HTTP Request: GET https://huggingface.co/datasets/allenai/wildchat-4.8m-full/resolve/9643ce21f5e808c8b9cf682d8385f28850397c09/data/train-00000-of-00127.parquet "HTTP/1.1 307 Temporary Redirect"
2026-08-18 13:02:20,835 - INFO - HTTP Request: GET https://huggingface.co/datasets/allenai/WildChat-4.8M-Full/resolve/9643ce21f5e808c8b9cf682d8385f28850397c09/data/train-00000-of-00127.parquet "HTTP/1.1 302 Found"
2026-08-18 13:02:21,164 - INFO - HTTP Request: GET https://us.aws.cdn.hf.co/xet-bridge-us/68961ecaa4be70036bf1e772/0051594dd62ed50783e4fec9e7d6d222a97dd631b809f53cea5f448bf282fad8?X-Xet-Cas-Uid=6356aeb63c32f2c90f4d0643&response-content-disposition=inline%3B+filename*%3DUTF-8%27%27train-00000-of-00127.parquet%3B+filename%3D%22train-00000-of-00127.parquet%22%3B&user_id=6356aeb63c32f2c90f4d0643&Expires=1787058140&Policy=eyJTdGF0ZW1lbnQiOlt7IlJlc291cmNlIjoiaHR0cHM6Ly91cy5hd3MuY2RuLmhmLmNvL3hldC1icmlkZ2UtdXMvNjg5NjFlY2FhNGJlNzAwMzZiZjFlNzcyLzAwNTE1OTRkZDYyZWQ1MDc4M2U0ZmVjOWU3ZDZkMjIyYTk3ZGQ2MzFiODA5ZjUzY2VhNWY0NDhiZjI4MmZhZDhcXD9YLVhldC1DYXMtVWlkPTYzNTZhZWI2M2MzMmYyYzkwZjRkMDY0MyZyZXNwb25zZS1jb250ZW50LWRpc3Bvc2l0aW9uPWlubGluZSUzQitmaWxlbmFtZSUyQSUzRFVURi04JTI3JTI3dHJhaW4tMDAwMDAtb2YtMDAxMjcucGFycXVldCUzQitmaWxlbmFtZSUzRCUyMnRyYWluLTAwMDAwLW9mLTAwMTI3LnBhcnF1ZXQlMjIlM0ImdXNlcl9pZD02MzU2YWViNjNjMzJmMmM5MGY0ZDA2NDMiLCJDb25kaXRpb24iOnsiRGF0ZUxlc3NUaGFuIjp7IkVwb2NoVGltZSI6MTc4NzA1ODE0MH19fV19&Signature=MEUCIChatA%7Eg7SJ4E84q8C1eaz7FXkZRGqGIKSK1mdXtYQx8AiEA9nhIunbB8xnln39CR0a3HZGiWW05BvAWbNGKoqo9A48_&Key-Pair-Id=01KXEF4KZ1B6FV465MAWR4M21F "HTTP/1.1 206 Partial Content"
2026-08-18 13:02:21,856 - INFO - HTTP Request: GET https://huggingface.co/datasets/allenai/wildchat-4.8m-full/resolve/9643ce21f5e808c8b9cf682d8385f28850397c09/data/train-00000-of-00127.parquet "HTTP/1.1 307 Temporary Redirect"
2026-08-18 13:02:21,963 - INFO - HTTP Request: GET https://huggingface.co/datasets/allenai/WildChat-4.8M-Full/resolve/9643ce21f5e808c8b9cf682d8385f28850397c09/data/train-00000-of-00127.parquet "HTTP/1.1 302 Found"
2026-08-18 13:02:22,304 - INFO - HTTP Request: GET https://us.aws.cdn.hf.co/xet-bridge-us/68961ecaa4be70036bf1e772/0051594dd62ed50783e4fec9e7d6d222a97dd631b809f53cea5f448bf282fad8?response-content-disposition=inline%3B+filename*%3DUTF-8%27%27train-00000-of-00127.parquet%3B+filename%3D%22train-00000-of-00127.parquet%22%3B&X-Xet-Cas-Uid=6356aeb63c32f2c90f4d0643&user_id=6356aeb63c32f2c90f4d0643&Expires=1787058141&Policy=eyJTdGF0ZW1lbnQiOlt7IlJlc291cmNlIjoiaHR0cHM6Ly91cy5hd3MuY2RuLmhmLmNvL3hldC1icmlkZ2UtdXMvNjg5NjFlY2FhNGJlNzAwMzZiZjFlNzcyLzAwNTE1OTRkZDYyZWQ1MDc4M2U0ZmVjOWU3ZDZkMjIyYTk3ZGQ2MzFiODA5ZjUzY2VhNWY0NDhiZjI4MmZhZDhcXD9yZXNwb25zZS1jb250ZW50LWRpc3Bvc2l0aW9uPWlubGluZSUzQitmaWxlbmFtZSUyQSUzRFVURi04JTI3JTI3dHJhaW4tMDAwMDAtb2YtMDAxMjcucGFycXVldCUzQitmaWxlbmFtZSUzRCUyMnRyYWluLTAwMDAwLW9mLTAwMTI3LnBhcnF1ZXQlMjIlM0ImWC1YZXQtQ2FzLVVpZD02MzU2YWViNjNjMzJmMmM5MGY0ZDA2NDMmdXNlcl9pZD02MzU2YWViNjNjMzJmMmM5MGY0ZDA2NDMiLCJDb25kaXRpb24iOnsiRGF0ZUxlc3NUaGFuIjp7IkVwb2NoVGltZSI6MTc4NzA1ODE0MX19fV19&Signature=MEQCIE0NLyEpkfs-XH82PANvUShwhjSyXokP1p9BuXZ0Zae9AiAzyzIEmW6LE0maE0y-FMbUCgjFCXw0KJsNAO71-rmklQ__&Key-Pair-Id=01KXEF4KZ1B6FV465MAWR4M21F "HTTP/1.1 206 Partial Content"
2026-08-18 13:02:24,900 - INFO - HTTP Request: GET https://huggingface.co/datasets/allenai/wildchat-4.8m-full/resolve/9643ce21f5e808c8b9cf682d8385f28850397c09/data/train-00000-of-00127.parquet "HTTP/1.1 307 Temporary Redirect"
2026-08-18 13:02:25,015 - INFO - HTTP Request: GET https://huggingface.co/datasets/allenai/WildChat-4.8M-Full/resolve/9643ce21f5e808c8b9cf682d8385f28850397c09/data/train-00000-of-00127.parquet "HTTP/1.1 302 Found"
2026-08-18 13:02:25,320 - INFO - HTTP Request: GET https://us.aws.cdn.hf.co/xet-bridge-us/68961ecaa4be70036bf1e772/0051594dd62ed50783e4fec9e7d6d222a97dd631b809f53cea5f448bf282fad8?user_id=6356aeb63c32f2c90f4d0643&X-Xet-Cas-Uid=6356aeb63c32f2c90f4d0643&response-content-disposition=inline%3B+filename*%3DUTF-8%27%27train-00000-of-00127.parquet%3B+filename%3D%22train-00000-of-00127.parquet%22%3B&Expires=1787058144&Policy=eyJTdGF0ZW1lbnQiOlt7IlJlc291cmNlIjoiaHR0cHM6Ly91cy5hd3MuY2RuLmhmLmNvL3hldC1icmlkZ2UtdXMvNjg5NjFlY2FhNGJlNzAwMzZiZjFlNzcyLzAwNTE1OTRkZDYyZWQ1MDc4M2U0ZmVjOWU3ZDZkMjIyYTk3ZGQ2MzFiODA5ZjUzY2VhNWY0NDhiZjI4MmZhZDhcXD91c2VyX2lkPTYzNTZhZWI2M2MzMmYyYzkwZjRkMDY0MyZYLVhldC1DYXMtVWlkPTYzNTZhZWI2M2MzMmYyYzkwZjRkMDY0MyZyZXNwb25zZS1jb250ZW50LWRpc3Bvc2l0aW9uPWlubGluZSUzQitmaWxlbmFtZSUyQSUzRFVURi04JTI3JTI3dHJhaW4tMDAwMDAtb2YtMDAxMjcucGFycXVldCUzQitmaWxlbmFtZSUzRCUyMnRyYWluLTAwMDAwLW9mLTAwMTI3LnBhcnF1ZXQlMjIlM0IiLCJDb25kaXRpb24iOnsiRGF0ZUxlc3NUaGFuIjp7IkVwb2NoVGltZSI6MTc4NzA1ODE0NH19fV19&Signature=MEUCIAyWGi3jfBj-G7PKpC4YSuWCX-Xbap8sLmfxB73gzCvLAiEAwC9WLCi8eU3DsbACw4LEl1C2JQ3s5xxYSLWEkFH%7E3Sc_&Key-Pair-Id=01KXEF4KZ1B6FV465MAWR4M21F "HTTP/1.1 206 Partial Content"
2026-08-18 13:02:26,407 - INFO - HTTP Request: GET https://huggingface.co/datasets/allenai/wildchat-4.8m-full/resolve/9643ce21f5e808c8b9cf682d8385f28850397c09/data/train-00000-of-00127.parquet "HTTP/1.1 307 Temporary Redirect"
2026-08-18 13:02:26,517 - INFO - HTTP Request: GET https://huggingface.co/datasets/allenai/WildChat-4.8M-Full/resolve/9643ce21f5e808c8b9cf682d8385f28850397c09/data/train-00000-of-00127.parquet "HTTP/1.1 302 Found"
2026-08-18 13:02:26,848 - INFO - HTTP Request: GET https://us.aws.cdn.hf.co/xet-bridge-us/68961ecaa4be70036bf1e772/0051594dd62ed50783e4fec9e7d6d222a97dd631b809f53cea5f448bf282fad8?X-Xet-Cas-Uid=6356aeb63c32f2c90f4d0643&response-content-disposition=inline%3B+filename*%3DUTF-8%27%27train-00000-of-00127.parquet%3B+filename%3D%22train-00000-of-00127.parquet%22%3B&user_id=6356aeb63c32f2c90f4d0643&Expires=1787058146&Policy=eyJTdGF0ZW1lbnQiOlt7IlJlc291cmNlIjoiaHR0cHM6Ly91cy5hd3MuY2RuLmhmLmNvL3hldC1icmlkZ2UtdXMvNjg5NjFlY2FhNGJlNzAwMzZiZjFlNzcyLzAwNTE1OTRkZDYyZWQ1MDc4M2U0ZmVjOWU3ZDZkMjIyYTk3ZGQ2MzFiODA5ZjUzY2VhNWY0NDhiZjI4MmZhZDhcXD9YLVhldC1DYXMtVWlkPTYzNTZhZWI2M2MzMmYyYzkwZjRkMDY0MyZyZXNwb25zZS1jb250ZW50LWRpc3Bvc2l0aW9uPWlubGluZSUzQitmaWxlbmFtZSUyQSUzRFVURi04JTI3JTI3dHJhaW4tMDAwMDAtb2YtMDAxMjcucGFycXVldCUzQitmaWxlbmFtZSUzRCUyMnRyYWluLTAwMDAwLW9mLTAwMTI3LnBhcnF1ZXQlMjIlM0ImdXNlcl9pZD02MzU2YWViNjNjMzJmMmM5MGY0ZDA2NDMiLCJDb25kaXRpb24iOnsiRGF0ZUxlc3NUaGFuIjp7IkVwb2NoVGltZSI6MTc4NzA1ODE0Nn19fV19&Signature=MEQCICQ4EIohBM%7EIf946I4IMnnlOuVOvx6eJG6WQgLYNXNx9AiArDHSOXitQKAsNw-Z7nVmgJ1VMJUbLz9Ya3pOoanph5w__&Key-Pair-Id=01KXEF4KZ1B6FV465MAWR4M21F "HTTP/1.1 206 Partial Content"
2026-08-18 13:02:29,757 - INFO - HTTP Request: GET https://huggingface.co/datasets/allenai/wildchat-4.8m-full/resolve/9643ce21f5e808c8b9cf682d8385f28850397c09/data/train-00000-of-00127.parquet "HTTP/1.1 307 Temporary Redirect"
2026-08-18 13:02:29,862 - INFO - HTTP Request: GET https://huggingface.co/datasets/allenai/WildChat-4.8M-Full/resolve/9643ce21f5e808c8b9cf682d8385f28850397c09/data/train-00000-of-00127.parquet "HTTP/1.1 302 Found"
2026-08-18 13:02:30,144 - INFO - HTTP Request: GET https://us.aws.cdn.hf.co/xet-bridge-us/68961ecaa4be70036bf1e772/0051594dd62ed50783e4fec9e7d6d222a97dd631b809f53cea5f448bf282fad8?response-content-disposition=inline%3B+filename*%3DUTF-8%27%27train-00000-of-00127.parquet%3B+filename%3D%22train-00000-of-00127.parquet%22%3B&X-Xet-Cas-Uid=6356aeb63c32f2c90f4d0643&user_id=6356aeb63c32f2c90f4d0643&Expires=1787058149&Policy=eyJTdGF0ZW1lbnQiOlt7IlJlc291cmNlIjoiaHR0cHM6Ly91cy5hd3MuY2RuLmhmLmNvL3hldC1icmlkZ2UtdXMvNjg5NjFlY2FhNGJlNzAwMzZiZjFlNzcyLzAwNTE1OTRkZDYyZWQ1MDc4M2U0ZmVjOWU3ZDZkMjIyYTk3ZGQ2MzFiODA5ZjUzY2VhNWY0NDhiZjI4MmZhZDhcXD9yZXNwb25zZS1jb250ZW50LWRpc3Bvc2l0aW9uPWlubGluZSUzQitmaWxlbmFtZSUyQSUzRFVURi04JTI3JTI3dHJhaW4tMDAwMDAtb2YtMDAxMjcucGFycXVldCUzQitmaWxlbmFtZSUzRCUyMnRyYWluLTAwMDAwLW9mLTAwMTI3LnBhcnF1ZXQlMjIlM0ImWC1YZXQtQ2FzLVVpZD02MzU2YWViNjNjMzJmMmM5MGY0ZDA2NDMmdXNlcl9pZD02MzU2YWViNjNjMzJmMmM5MGY0ZDA2NDMiLCJDb25kaXRpb24iOnsiRGF0ZUxlc3NUaGFuIjp7IkVwb2NoVGltZSI6MTc4NzA1ODE0OX19fV19&Signature=MEUCICMArBxIQjInWkJ8qFDygSyIqnfAhDAH130930ggy6tPAiEA3elVZOhcYIkkCXGNFwjTUW-41MgjYuZP790PsN2bIZ8_&Key-Pair-Id=01KXEF4KZ1B6FV465MAWR4M21F "HTTP/1.1 206 Partial Content"
2026-08-18 13:03:57,100 - INFO - advice matches: 2
2026-08-18 13:03:57,100 - INFO - roleplay matches: 0
2026-08-18 13:03:57,101 - INFO - breakup matches: 1
2026-08-18 13:03:57,101 - INFO - comeout matches: 1
2026-08-18 13:03:57,101 - INFO - Script run complete
2026-08-18 13:04:44,736 - INFO - ===== Starting Search Script. =====
2026-08-18 13:04:44,981 - INFO - GPU is available
2026-08-18 13:04:44,982 - INFO - Script called
2026-08-18 13:04:44,982 - INFO - Specified country: None
2026-08-18 13:04:44,982 - INFO - Turn limit set to: 8000
2026-08-18 13:04:44,982 - INFO - Searching dataset for matching conversations
2026-08-18 13:04:45,142 - INFO - HTTP Request: HEAD https://huggingface.co/datasets/allenai/wildchat-4.8m-full/resolve/main/README.md "HTTP/1.1 307 Temporary Redirect"
2026-08-18 13:04:45,288 - INFO - HTTP Request: HEAD https://huggingface.co/datasets/allenai/WildChat-4.8M-Full/resolve/main/README.md "HTTP/1.1 200 OK"
2026-08-18 13:04:45,407 - INFO - HTTP Request: HEAD https://huggingface.co/datasets/allenai/wildchat-4.8m-full/resolve/9643ce21f5e808c8b9cf682d8385f28850397c09/wildchat-4.8m-full.py "HTTP/1.1 307 Temporary Redirect"
2026-08-18 13:04:45,507 - INFO - HTTP Request: HEAD https://huggingface.co/datasets/allenai/WildChat-4.8M-Full/resolve/9643ce21f5e808c8b9cf682d8385f28850397c09/wildchat-4.8m-full.py "HTTP/1.1 404 Not Found"
2026-08-18 13:04:45,786 - INFO - HTTP Request: HEAD https://s3.amazonaws.com/datasets.huggingface.co/datasets/datasets/allenai/wildchat-4.8m-full/allenai/wildchat-4.8m-full.py "HTTP/1.1 404 Not Found"
2026-08-18 13:04:46,033 - INFO - HTTP Request: GET https://huggingface.co/api/datasets/allenai/wildchat-4.8m-full/revision/9643ce21f5e808c8b9cf682d8385f28850397c09 "HTTP/1.1 307 Temporary Redirect"
2026-08-18 13:04:46,133 - INFO - HTTP Request: GET https://huggingface.co/api/datasets/allenai/WildChat-4.8M-Full/revision/9643ce21f5e808c8b9cf682d8385f28850397c09 "HTTP/1.1 200 OK"
2026-08-18 13:04:46,244 - INFO - HTTP Request: HEAD https://huggingface.co/datasets/allenai/wildchat-4.8m-full/resolve/9643ce21f5e808c8b9cf682d8385f28850397c09/.huggingface.yaml "HTTP/1.1 307 Temporary Redirect"
2026-08-18 13:04:46,345 - INFO - HTTP Request: HEAD https://huggingface.co/datasets/allenai/WildChat-4.8M-Full/resolve/9643ce21f5e808c8b9cf682d8385f28850397c09/.huggingface.yaml "HTTP/1.1 404 Not Found"
2026-08-18 13:04:46,521 - INFO - HTTP Request: GET https://datasets-server.huggingface.co/info?dataset=allenai/wildchat-4.8m-full "HTTP/1.1 404 Not Found"
2026-08-18 13:04:46,622 - INFO - HTTP Request: GET https://huggingface.co/api/datasets/allenai/wildchat-4.8m-full/tree/9643ce21f5e808c8b9cf682d8385f28850397c09/data?recursive=true&expand=false "HTTP/1.1 307 Temporary Redirect"
2026-08-18 13:04:46,732 - INFO - HTTP Request: GET https://huggingface.co/api/datasets/allenai/WildChat-4.8M-Full/tree/9643ce21f5e808c8b9cf682d8385f28850397c09/data?recursive=true&expand=false "HTTP/1.1 200 OK"
2026-08-18 13:04:46,851 - INFO - HTTP Request: GET https://huggingface.co/api/datasets/allenai/wildchat-4.8m-full/tree/9643ce21f5e808c8b9cf682d8385f28850397c09?recursive=false&expand=false "HTTP/1.1 307 Temporary Redirect"
2026-08-18 13:04:46,956 - INFO - HTTP Request: GET https://huggingface.co/api/datasets/allenai/WildChat-4.8M-Full/tree/9643ce21f5e808c8b9cf682d8385f28850397c09?recursive=false&expand=false "HTTP/1.1 200 OK"
2026-08-18 13:04:47,102 - INFO - HTTP Request: HEAD https://huggingface.co/datasets/allenai/wildchat-4.8m-full/resolve/9643ce21f5e808c8b9cf682d8385f28850397c09/dataset_infos.json "HTTP/1.1 307 Temporary Redirect"
2026-08-18 13:04:47,202 - INFO - HTTP Request: HEAD https://huggingface.co/datasets/allenai/WildChat-4.8M-Full/resolve/9643ce21f5e808c8b9cf682d8385f28850397c09/dataset_infos.json "HTTP/1.1 404 Not Found"
2026-08-18 13:04:47,392 - INFO - HTTP Request: GET https://huggingface.co/datasets/allenai/wildchat-4.8m-full/resolve/9643ce21f5e808c8b9cf682d8385f28850397c09/data/train-00000-of-00127.parquet "HTTP/1.1 307 Temporary Redirect"
2026-08-18 13:04:47,718 - INFO - HTTP Request: GET https://huggingface.co/datasets/allenai/WildChat-4.8M-Full/resolve/9643ce21f5e808c8b9cf682d8385f28850397c09/data/train-00000-of-00127.parquet "HTTP/1.1 302 Found"
2026-08-18 13:04:48,293 - INFO - HTTP Request: GET https://us.aws.cdn.hf.co/xet-bridge-us/68961ecaa4be70036bf1e772/0051594dd62ed50783e4fec9e7d6d222a97dd631b809f53cea5f448bf282fad8?response-content-disposition=inline%3B+filename*%3DUTF-8%27%27train-00000-of-00127.parquet%3B+filename%3D%22train-00000-of-00127.parquet%22%3B&X-Xet-Cas-Uid=6356aeb63c32f2c90f4d0643&user_id=6356aeb63c32f2c90f4d0643&Expires=1787058287&Policy=eyJTdGF0ZW1lbnQiOlt7IlJlc291cmNlIjoiaHR0cHM6Ly91cy5hd3MuY2RuLmhmLmNvL3hldC1icmlkZ2UtdXMvNjg5NjFlY2FhNGJlNzAwMzZiZjFlNzcyLzAwNTE1OTRkZDYyZWQ1MDc4M2U0ZmVjOWU3ZDZkMjIyYTk3ZGQ2MzFiODA5ZjUzY2VhNWY0NDhiZjI4MmZhZDhcXD9yZXNwb25zZS1jb250ZW50LWRpc3Bvc2l0aW9uPWlubGluZSUzQitmaWxlbmFtZSUyQSUzRFVURi04JTI3JTI3dHJhaW4tMDAwMDAtb2YtMDAxMjcucGFycXVldCUzQitmaWxlbmFtZSUzRCUyMnRyYWluLTAwMDAwLW9mLTAwMTI3LnBhcnF1ZXQlMjIlM0ImWC1YZXQtQ2FzLVVpZD02MzU2YWViNjNjMzJmMmM5MGY0ZDA2NDMmdXNlcl9pZD02MzU2YWViNjNjMzJmMmM5MGY0ZDA2NDMiLCJDb25kaXRpb24iOnsiRGF0ZUxlc3NUaGFuIjp7IkVwb2NoVGltZSI6MTc4NzA1ODI4N319fV19&Signature=MEQCIEy06CPXDBdk8ef3sUx1Q9JupsP5Esyhm52%7ElIedA8qmAiBHs4zVPjwVV0c63lKSI2MWev0BQT3skxOrOPZKj9H0wA__&Key-Pair-Id=01KXEF4KZ1B6FV465MAWR4M21F "HTTP/1.1 206 Partial Content"
2026-08-18 13:04:48,531 - INFO - HTTP Request: GET https://huggingface.co/datasets/allenai/wildchat-4.8m-full/resolve/9643ce21f5e808c8b9cf682d8385f28850397c09/data/train-00000-of-00127.parquet "HTTP/1.1 307 Temporary Redirect"
2026-08-18 13:04:48,640 - INFO - HTTP Request: GET https://huggingface.co/datasets/allenai/WildChat-4.8M-Full/resolve/9643ce21f5e808c8b9cf682d8385f28850397c09/data/train-00000-of-00127.parquet "HTTP/1.1 302 Found"
2026-08-18 13:04:48,913 - INFO - HTTP Request: GET https://us.aws.cdn.hf.co/xet-bridge-us/68961ecaa4be70036bf1e772/0051594dd62ed50783e4fec9e7d6d222a97dd631b809f53cea5f448bf282fad8?X-Xet-Cas-Uid=6356aeb63c32f2c90f4d0643&response-content-disposition=inline%3B+filename*%3DUTF-8%27%27train-00000-of-00127.parquet%3B+filename%3D%22train-00000-of-00127.parquet%22%3B&user_id=6356aeb63c32f2c90f4d0643&Expires=1787058288&Policy=eyJTdGF0ZW1lbnQiOlt7IlJlc291cmNlIjoiaHR0cHM6Ly91cy5hd3MuY2RuLmhmLmNvL3hldC1icmlkZ2UtdXMvNjg5NjFlY2FhNGJlNzAwMzZiZjFlNzcyLzAwNTE1OTRkZDYyZWQ1MDc4M2U0ZmVjOWU3ZDZkMjIyYTk3ZGQ2MzFiODA5ZjUzY2VhNWY0NDhiZjI4MmZhZDhcXD9YLVhldC1DYXMtVWlkPTYzNTZhZWI2M2MzMmYyYzkwZjRkMDY0MyZyZXNwb25zZS1jb250ZW50LWRpc3Bvc2l0aW9uPWlubGluZSUzQitmaWxlbmFtZSUyQSUzRFVURi04JTI3JTI3dHJhaW4tMDAwMDAtb2YtMDAxMjcucGFycXVldCUzQitmaWxlbmFtZSUzRCUyMnRyYWluLTAwMDAwLW9mLTAwMTI3LnBhcnF1ZXQlMjIlM0ImdXNlcl9pZD02MzU2YWViNjNjMzJmMmM5MGY0ZDA2NDMiLCJDb25kaXRpb24iOnsiRGF0ZUxlc3NUaGFuIjp7IkVwb2NoVGltZSI6MTc4NzA1ODI4OH19fV19&Signature=MEUCIGzh73Bi6%7Er6pym6JPlE9xf8leindA9jNyCanCE2nvXkAiEA2tW1Iy6a6f0xZHMK79z1VTOX7drjssX0nrdh26i0ogE_&Key-Pair-Id=01KXEF4KZ1B6FV465MAWR4M21F "HTTP/1.1 206 Partial Content"
2026-08-18 13:04:49,164 - INFO - HTTP Request: GET https://huggingface.co/datasets/allenai/wildchat-4.8m-full/resolve/9643ce21f5e808c8b9cf682d8385f28850397c09/data/train-00000-of-00127.parquet "HTTP/1.1 307 Temporary Redirect"
2026-08-18 13:04:49,270 - INFO - HTTP Request: GET https://huggingface.co/datasets/allenai/WildChat-4.8M-Full/resolve/9643ce21f5e808c8b9cf682d8385f28850397c09/data/train-00000-of-00127.parquet "HTTP/1.1 302 Found"
2026-08-18 13:04:49,593 - INFO - HTTP Request: GET https://us.aws.cdn.hf.co/xet-bridge-us/68961ecaa4be70036bf1e772/0051594dd62ed50783e4fec9e7d6d222a97dd631b809f53cea5f448bf282fad8?response-content-disposition=inline%3B+filename*%3DUTF-8%27%27train-00000-of-00127.parquet%3B+filename%3D%22train-00000-of-00127.parquet%22%3B&user_id=6356aeb63c32f2c90f4d0643&X-Xet-Cas-Uid=6356aeb63c32f2c90f4d0643&Expires=1787058289&Policy=eyJTdGF0ZW1lbnQiOlt7IlJlc291cmNlIjoiaHR0cHM6Ly91cy5hd3MuY2RuLmhmLmNvL3hldC1icmlkZ2UtdXMvNjg5NjFlY2FhNGJlNzAwMzZiZjFlNzcyLzAwNTE1OTRkZDYyZWQ1MDc4M2U0ZmVjOWU3ZDZkMjIyYTk3ZGQ2MzFiODA5ZjUzY2VhNWY0NDhiZjI4MmZhZDhcXD9yZXNwb25zZS1jb250ZW50LWRpc3Bvc2l0aW9uPWlubGluZSUzQitmaWxlbmFtZSUyQSUzRFVURi04JTI3JTI3dHJhaW4tMDAwMDAtb2YtMDAxMjcucGFycXVldCUzQitmaWxlbmFtZSUzRCUyMnRyYWluLTAwMDAwLW9mLTAwMTI3LnBhcnF1ZXQlMjIlM0ImdXNlcl9pZD02MzU2YWViNjNjMzJmMmM5MGY0ZDA2NDMmWC1YZXQtQ2FzLVVpZD02MzU2YWViNjNjMzJmMmM5MGY0ZDA2NDMiLCJDb25kaXRpb24iOnsiRGF0ZUxlc3NUaGFuIjp7IkVwb2NoVGltZSI6MTc4NzA1ODI4OX19fV19&Signature=MEUCIQDaGoirl0ZGR9jEu0VJEYAvplqyiBy52kipo4PrvIpMhQIgBhq-PPeLWr261H25Z34%7Elenn3%7E-ehbZ77-z6ea92big_&Key-Pair-Id=01KXEF4KZ1B6FV465MAWR4M21F "HTTP/1.1 206 Partial Content"
2026-08-18 13:04:50,536 - INFO - HTTP Request: GET https://huggingface.co/datasets/allenai/wildchat-4.8m-full/resolve/9643ce21f5e808c8b9cf682d8385f28850397c09/data/train-00000-of-00127.parquet "HTTP/1.1 307 Temporary Redirect"
2026-08-18 13:04:50,687 - INFO - HTTP Request: GET https://huggingface.co/datasets/allenai/WildChat-4.8M-Full/resolve/9643ce21f5e808c8b9cf682d8385f28850397c09/data/train-00000-of-00127.parquet "HTTP/1.1 302 Found"
2026-08-18 13:04:51,029 - INFO - HTTP Request: GET https://us.aws.cdn.hf.co/xet-bridge-us/68961ecaa4be70036bf1e772/0051594dd62ed50783e4fec9e7d6d222a97dd631b809f53cea5f448bf282fad8?X-Xet-Cas-Uid=6356aeb63c32f2c90f4d0643&user_id=6356aeb63c32f2c90f4d0643&response-content-disposition=inline%3B+filename*%3DUTF-8%27%27train-00000-of-00127.parquet%3B+filename%3D%22train-00000-of-00127.parquet%22%3B&Expires=1787058290&Policy=eyJTdGF0ZW1lbnQiOlt7IlJlc291cmNlIjoiaHR0cHM6Ly91cy5hd3MuY2RuLmhmLmNvL3hldC1icmlkZ2UtdXMvNjg5NjFlY2FhNGJlNzAwMzZiZjFlNzcyLzAwNTE1OTRkZDYyZWQ1MDc4M2U0ZmVjOWU3ZDZkMjIyYTk3ZGQ2MzFiODA5ZjUzY2VhNWY0NDhiZjI4MmZhZDhcXD9YLVhldC1DYXMtVWlkPTYzNTZhZWI2M2MzMmYyYzkwZjRkMDY0MyZ1c2VyX2lkPTYzNTZhZWI2M2MzMmYyYzkwZjRkMDY0MyZyZXNwb25zZS1jb250ZW50LWRpc3Bvc2l0aW9uPWlubGluZSUzQitmaWxlbmFtZSUyQSUzRFVURi04JTI3JTI3dHJhaW4tMDAwMDAtb2YtMDAxMjcucGFycXVldCUzQitmaWxlbmFtZSUzRCUyMnRyYWluLTAwMDAwLW9mLTAwMTI3LnBhcnF1ZXQlMjIlM0IiLCJDb25kaXRpb24iOnsiRGF0ZUxlc3NUaGFuIjp7IkVwb2NoVGltZSI6MTc4NzA1ODI5MH19fV19&Signature=MEUCIG3KbA-9eGxV-M6W4O4DGaEitMhEO9b40DAqKiX1PmReAiEAyffs%7E42CZ6nIMlJJ5K9CHMfE12oPFgZz2ZGQCc3CIjk_&Key-Pair-Id=01KXEF4KZ1B6FV465MAWR4M21F "HTTP/1.1 206 Partial Content"
2026-08-18 13:04:52,622 - INFO - HTTP Request: GET https://huggingface.co/datasets/allenai/wildchat-4.8m-full/resolve/9643ce21f5e808c8b9cf682d8385f28850397c09/data/train-00000-of-00127.parquet "HTTP/1.1 307 Temporary Redirect"
2026-08-18 13:04:52,815 - INFO - HTTP Request: GET https://huggingface.co/datasets/allenai/WildChat-4.8M-Full/resolve/9643ce21f5e808c8b9cf682d8385f28850397c09/data/train-00000-of-00127.parquet "HTTP/1.1 302 Found"
2026-08-18 13:04:53,097 - INFO - HTTP Request: GET https://us.aws.cdn.hf.co/xet-bridge-us/68961ecaa4be70036bf1e772/0051594dd62ed50783e4fec9e7d6d222a97dd631b809f53cea5f448bf282fad8?X-Xet-Cas-Uid=6356aeb63c32f2c90f4d0643&user_id=6356aeb63c32f2c90f4d0643&response-content-disposition=inline%3B+filename*%3DUTF-8%27%27train-00000-of-00127.parquet%3B+filename%3D%22train-00000-of-00127.parquet%22%3B&Expires=1787058292&Policy=eyJTdGF0ZW1lbnQiOlt7IlJlc291cmNlIjoiaHR0cHM6Ly91cy5hd3MuY2RuLmhmLmNvL3hldC1icmlkZ2UtdXMvNjg5NjFlY2FhNGJlNzAwMzZiZjFlNzcyLzAwNTE1OTRkZDYyZWQ1MDc4M2U0ZmVjOWU3ZDZkMjIyYTk3ZGQ2MzFiODA5ZjUzY2VhNWY0NDhiZjI4MmZhZDhcXD9YLVhldC1DYXMtVWlkPTYzNTZhZWI2M2MzMmYyYzkwZjRkMDY0MyZ1c2VyX2lkPTYzNTZhZWI2M2MzMmYyYzkwZjRkMDY0MyZyZXNwb25zZS1jb250ZW50LWRpc3Bvc2l0aW9uPWlubGluZSUzQitmaWxlbmFtZSUyQSUzRFVURi04JTI3JTI3dHJhaW4tMDAwMDAtb2YtMDAxMjcucGFycXVldCUzQitmaWxlbmFtZSUzRCUyMnRyYWluLTAwMDAwLW9mLTAwMTI3LnBhcnF1ZXQlMjIlM0IiLCJDb25kaXRpb24iOnsiRGF0ZUxlc3NUaGFuIjp7IkVwb2NoVGltZSI6MTc4NzA1ODI5Mn19fV19&Signature=MEUCICWq9Z33d-v3rlS4XLquPIxGu4uVrSYk6jD0mcX%7EdBvlAiEApQxhLPr-NEAGPg6Ga7-6CFWB4LS8ecSsHts8RX7MsdM_&Key-Pair-Id=01KXEF4KZ1B6FV465MAWR4M21F "HTTP/1.1 206 Partial Content"
2026-08-18 13:04:54,424 - INFO - HTTP Request: GET https://huggingface.co/datasets/allenai/wildchat-4.8m-full/resolve/9643ce21f5e808c8b9cf682d8385f28850397c09/data/train-00000-of-00127.parquet "HTTP/1.1 307 Temporary Redirect"
2026-08-18 13:04:54,529 - INFO - HTTP Request: GET https://huggingface.co/datasets/allenai/WildChat-4.8M-Full/resolve/9643ce21f5e808c8b9cf682d8385f28850397c09/data/train-00000-of-00127.parquet "HTTP/1.1 302 Found"
2026-08-18 13:04:54,810 - INFO - HTTP Request: GET https://us.aws.cdn.hf.co/xet-bridge-us/68961ecaa4be70036bf1e772/0051594dd62ed50783e4fec9e7d6d222a97dd631b809f53cea5f448bf282fad8?X-Xet-Cas-Uid=6356aeb63c32f2c90f4d0643&user_id=6356aeb63c32f2c90f4d0643&response-content-disposition=inline%3B+filename*%3DUTF-8%27%27train-00000-of-00127.parquet%3B+filename%3D%22train-00000-of-00127.parquet%22%3B&Expires=1787058294&Policy=eyJTdGF0ZW1lbnQiOlt7IlJlc291cmNlIjoiaHR0cHM6Ly91cy5hd3MuY2RuLmhmLmNvL3hldC1icmlkZ2UtdXMvNjg5NjFlY2FhNGJlNzAwMzZiZjFlNzcyLzAwNTE1OTRkZDYyZWQ1MDc4M2U0ZmVjOWU3ZDZkMjIyYTk3ZGQ2MzFiODA5ZjUzY2VhNWY0NDhiZjI4MmZhZDhcXD9YLVhldC1DYXMtVWlkPTYzNTZhZWI2M2MzMmYyYzkwZjRkMDY0MyZ1c2VyX2lkPTYzNTZhZWI2M2MzMmYyYzkwZjRkMDY0MyZyZXNwb25zZS1jb250ZW50LWRpc3Bvc2l0aW9uPWlubGluZSUzQitmaWxlbmFtZSUyQSUzRFVURi04JTI3JTI3dHJhaW4tMDAwMDAtb2YtMDAxMjcucGFycXVldCUzQitmaWxlbmFtZSUzRCUyMnRyYWluLTAwMDAwLW9mLTAwMTI3LnBhcnF1ZXQlMjIlM0IiLCJDb25kaXRpb24iOnsiRGF0ZUxlc3NUaGFuIjp7IkVwb2NoVGltZSI6MTc4NzA1ODI5NH19fV19&Signature=MEUCIBP2pEDF%7E18T6Ws4mN4QIFr%7EW-scCo-1WSnK62XHJWrZAiEA%7EJ2AbulN1lB8DXAqgRM6KCvg3vfP-vra7tcwwvcsmmA_&Key-Pair-Id=01KXEF4KZ1B6FV465MAWR4M21F "HTTP/1.1 206 Partial Content"
2026-08-18 13:04:55,911 - INFO - HTTP Request: GET https://huggingface.co/datasets/allenai/wildchat-4.8m-full/resolve/9643ce21f5e808c8b9cf682d8385f28850397c09/data/train-00000-of-00127.parquet "HTTP/1.1 307 Temporary Redirect"
2026-08-18 13:04:56,014 - INFO - HTTP Request: GET https://huggingface.co/datasets/allenai/WildChat-4.8M-Full/resolve/9643ce21f5e808c8b9cf682d8385f28850397c09/data/train-00000-of-00127.parquet "HTTP/1.1 302 Found"
2026-08-18 13:04:56,296 - INFO - HTTP Request: GET https://us.aws.cdn.hf.co/xet-bridge-us/68961ecaa4be70036bf1e772/0051594dd62ed50783e4fec9e7d6d222a97dd631b809f53cea5f448bf282fad8?user_id=6356aeb63c32f2c90f4d0643&X-Xet-Cas-Uid=6356aeb63c32f2c90f4d0643&response-content-disposition=inline%3B+filename*%3DUTF-8%27%27train-00000-of-00127.parquet%3B+filename%3D%22train-00000-of-00127.parquet%22%3B&Expires=1787058295&Policy=eyJTdGF0ZW1lbnQiOlt7IlJlc291cmNlIjoiaHR0cHM6Ly91cy5hd3MuY2RuLmhmLmNvL3hldC1icmlkZ2UtdXMvNjg5NjFlY2FhNGJlNzAwMzZiZjFlNzcyLzAwNTE1OTRkZDYyZWQ1MDc4M2U0ZmVjOWU3ZDZkMjIyYTk3ZGQ2MzFiODA5ZjUzY2VhNWY0NDhiZjI4MmZhZDhcXD91c2VyX2lkPTYzNTZhZWI2M2MzMmYyYzkwZjRkMDY0MyZYLVhldC1DYXMtVWlkPTYzNTZhZWI2M2MzMmYyYzkwZjRkMDY0MyZyZXNwb25zZS1jb250ZW50LWRpc3Bvc2l0aW9uPWlubGluZSUzQitmaWxlbmFtZSUyQSUzRFVURi04JTI3JTI3dHJhaW4tMDAwMDAtb2YtMDAxMjcucGFycXVldCUzQitmaWxlbmFtZSUzRCUyMnRyYWluLTAwMDAwLW9mLTAwMTI3LnBhcnF1ZXQlMjIlM0IiLCJDb25kaXRpb24iOnsiRGF0ZUxlc3NUaGFuIjp7IkVwb2NoVGltZSI6MTc4NzA1ODI5NX19fV19&Signature=MEYCIQDX3-XFQ5MW0ivIHpmuChbCtu756gGAwtsWjDoL%7EvNbSwIhAIG%7EB1EZ409wLSv0fbOXEsXhHr90vzHH58IdHgNeDnlE&Key-Pair-Id=01KXEF4KZ1B6FV465MAWR4M21F "HTTP/1.1 206 Partial Content"
2026-08-18 13:06:18,960 - INFO - advice matches: 2
2026-08-18 13:06:18,961 - INFO - roleplay matches: 0
2026-08-18 13:06:18,961 - INFO - breakup matches: 1
2026-08-18 13:06:18,962 - INFO - comeout matches: 1
2026-08-18 13:06:18,962 - INFO - Script run complete
2026-08-18 13:08:28,851 - INFO - ===== Starting Search Script. =====
2026-08-18 13:08:29,118 - INFO - GPU is available
2026-08-18 13:08:29,119 - INFO - Script called
2026-08-18 13:08:29,119 - INFO - Specified country: None
2026-08-18 13:08:29,119 - INFO - Turn limit set to: 8000
2026-08-18 13:08:55,930 - INFO - ===== Starting Search Script. =====
2026-08-18 13:08:56,194 - INFO - GPU is available
2026-08-18 13:08:56,195 - INFO - Script called
2026-08-18 13:08:56,195 - INFO - Specified country: None
2026-08-18 13:08:56,195 - INFO - Turn limit set to: 8000
2026-08-18 13:09:49,169 - INFO - ===== Starting Search Script. =====
2026-08-18 13:09:49,415 - INFO - GPU is available
2026-08-18 13:09:49,416 - INFO - Script called
2026-08-18 13:09:49,416 - INFO - Specified country: None
2026-08-18 13:09:49,416 - INFO - Turn limit set to: 8000
2026-08-18 13:09:49,416 - INFO - Script run complete
2026-08-18 13:10:00,813 - INFO - ===== Starting Search Script. =====
2026-08-18 13:10:01,076 - INFO - GPU is available
2026-08-18 13:10:01,077 - INFO - Script called
2026-08-18 13:10:01,077 - INFO - Specified country: None
2026-08-18 13:10:01,077 - INFO - Turn limit set to: 8000
2026-08-18 13:10:01,077 - INFO - Script run complete
2026-08-18 13:10:39,513 - INFO - ===== Starting Search Script. =====
2026-08-18 13:10:39,758 - INFO - GPU is available
2026-08-18 13:10:39,759 - INFO - Script called
2026-08-18 13:10:39,760 - INFO - Specified country: None
2026-08-18 13:10:39,760 - INFO - Turn limit set to: 8000
2026-08-18 13:10:39,760 - INFO - Script run complete
2026-08-18 13:11:14,519 - INFO - ===== Starting Search Script. =====
2026-08-18 13:11:14,782 - INFO - GPU is available
2026-08-18 13:11:14,784 - INFO - Script called
2026-08-18 13:11:14,784 - INFO - Specified country: None
2026-08-18 13:11:14,784 - INFO - Turn limit set to: 8000
2026-08-18 13:11:14,784 - INFO - Script run complete
2026-08-18 13:12:32,942 - INFO - ===== Starting Search Script. =====
2026-08-18 13:12:33,207 - INFO - GPU is available
2026-08-18 13:12:33,209 - INFO - Script called
2026-08-18 13:12:33,209 - INFO - Specified country: None
2026-08-18 13:12:33,209 - INFO - Turn limit set to: 8000
2026-08-18 13:12:33,209 - INFO - Searching dataset for matching conversations
2026-08-18 13:15:31,624 - INFO - ===== Starting Search Script. =====
2026-08-18 13:15:31,871 - INFO - GPU is available
2026-08-18 13:15:31,872 - INFO - Script called
2026-08-18 13:15:31,873 - INFO - Specified country: None
2026-08-18 13:15:31,873 - INFO - Turn limit set to: 8000
2026-08-18 13:15:31,873 - INFO - Searching dataset for matching conversations
2026-08-18 13:16:13,041 - INFO - advice matches: 0
2026-08-18 13:16:13,041 - INFO - roleplay matches: 0
2026-08-18 13:16:13,041 - INFO - breakup matches: 0
2026-08-18 13:16:13,041 - INFO - comeout matches: 0
2026-08-18 13:16:13,042 - INFO - Script run complete
